dev/maxisandoval37/webappjavaedit2023/service/UsuarioService.class
dev/maxisandoval37/webappjavaedit2023/controller/AuthController.class
dev/maxisandoval37/webappjavaedit2023/repository/MascotaRepository.class
dev/maxisandoval37/webappjavaedit2023/controller/DuenioViewController.class
dev/maxisandoval37/webappjavaedit2023/WebappJavaEdIt2023Application.class
dev/maxisandoval37/webappjavaedit2023/service/MascotaService.class
dev/maxisandoval37/webappjavaedit2023/repository/UsuarioRepository.class
dev/maxisandoval37/webappjavaedit2023/repository/DuenioRepository.class
dev/maxisandoval37/webappjavaedit2023/controller/MascotaViewController.class
dev/maxisandoval37/webappjavaedit2023/config/SecurityConfig.class
dev/maxisandoval37/webappjavaedit2023/service/CustomUserDetailsService.class
dev/maxisandoval37/webappjavaedit2023/model/Duenio.class
dev/maxisandoval37/webappjavaedit2023/service/DuenioService.class
dev/maxisandoval37/webappjavaedit2023/controller/GlobalExceptionHandler.class
dev/maxisandoval37/webappjavaedit2023/web/JwtRequestFilter.class
dev/maxisandoval37/webappjavaedit2023/ServletInitializer.class
dev/maxisandoval37/webappjavaedit2023/model/Usuario.class
dev/maxisandoval37/webappjavaedit2023/config/JwtTokenUtil.class
dev/maxisandoval37/webappjavaedit2023/model/Mascota.class
