/home/runner/work/webapp-java-edit-2023/webapp-java-edit-2023/src/main/java/dev/maxisandoval37/webappjavaedit2023/controller/GlobalExceptionHandler.java
/home/runner/work/webapp-java-edit-2023/webapp-java-edit-2023/src/main/java/dev/maxisandoval37/webappjavaedit2023/ServletInitializer.java
/home/runner/work/webapp-java-edit-2023/webapp-java-edit-2023/src/main/java/dev/maxisandoval37/webappjavaedit2023/controller/MascotaViewController.java
/home/runner/work/webapp-java-edit-2023/webapp-java-edit-2023/src/main/java/dev/maxisandoval37/webappjavaedit2023/web/JwtRequestFilter.java
/home/runner/work/webapp-java-edit-2023/webapp-java-edit-2023/src/main/java/dev/maxisandoval37/webappjavaedit2023/service/CustomUserDetailsService.java
/home/runner/work/webapp-java-edit-2023/webapp-java-edit-2023/src/main/java/dev/maxisandoval37/webappjavaedit2023/repository/DuenioRepository.java
/home/runner/work/webapp-java-edit-2023/webapp-java-edit-2023/src/main/java/dev/maxisandoval37/webappjavaedit2023/model/Duenio.java
/home/runner/work/webapp-java-edit-2023/webapp-java-edit-2023/src/main/java/dev/maxisandoval37/webappjavaedit2023/model/Usuario.java
/home/runner/work/webapp-java-edit-2023/webapp-java-edit-2023/src/main/java/dev/maxisandoval37/webappjavaedit2023/service/UsuarioService.java
/home/runner/work/webapp-java-edit-2023/webapp-java-edit-2023/src/main/java/dev/maxisandoval37/webappjavaedit2023/config/SecurityConfig.java
/home/runner/work/webapp-java-edit-2023/webapp-java-edit-2023/src/main/java/dev/maxisandoval37/webappjavaedit2023/repository/MascotaRepository.java
/home/runner/work/webapp-java-edit-2023/webapp-java-edit-2023/src/main/java/dev/maxisandoval37/webappjavaedit2023/service/DuenioService.java
/home/runner/work/webapp-java-edit-2023/webapp-java-edit-2023/src/main/java/dev/maxisandoval37/webappjavaedit2023/service/MascotaService.java
/home/runner/work/webapp-java-edit-2023/webapp-java-edit-2023/src/main/java/dev/maxisandoval37/webappjavaedit2023/config/JwtTokenUtil.java
/home/runner/work/webapp-java-edit-2023/webapp-java-edit-2023/src/main/java/dev/maxisandoval37/webappjavaedit2023/WebappJavaEdIt2023Application.java
/home/runner/work/webapp-java-edit-2023/webapp-java-edit-2023/src/main/java/dev/maxisandoval37/webappjavaedit2023/controller/AuthController.java
/home/runner/work/webapp-java-edit-2023/webapp-java-edit-2023/src/main/java/dev/maxisandoval37/webappjavaedit2023/model/Mascota.java
/home/runner/work/webapp-java-edit-2023/webapp-java-edit-2023/src/main/java/dev/maxisandoval37/webappjavaedit2023/repository/UsuarioRepository.java
/home/runner/work/webapp-java-edit-2023/webapp-java-edit-2023/src/main/java/dev/maxisandoval37/webappjavaedit2023/controller/DuenioViewController.java
